#-----------------------------------------------------------
# Vivado v2024.2 (64-bit)
# SW Build 5239630 on Fri Nov 08 22:35:27 MST 2024
# IP Build 5239520 on Sun Nov 10 16:12:51 MST 2024
# SharedData Build 5239561 on Fri Nov 08 14:39:27 MST 2024
# Start of session at: Thu Dec 19 23:53:25 2024
# Process ID         : 20468
# Current directory  : C:/Users/Admin/Personal_project1/Personal_project1.runs/impl_1
# Command line       : vivado.exe -log Driver.vdi -applog -product Vivado -messageDb vivado.pb -mode batch -source Driver.tcl -notrace
# Log file           : C:/Users/Admin/Personal_project1/Personal_project1.runs/impl_1/Driver.vdi
# Journal file       : C:/Users/Admin/Personal_project1/Personal_project1.runs/impl_1\vivado.jou
# Running On         : UNIT-01
# Platform           : Windows Server 2016 or Windows 10
# Operating System   : 22631
# Processor Detail   : AMD Ryzen 5 5600G with Radeon Graphics         
# CPU Frequency      : 3893 MHz
# CPU Physical cores : 6
# CPU Logical cores  : 12
# Host memory        : 16525 MB
# Swap memory        : 8391 MB
# Total Virtual      : 24917 MB
# Available Virtual  : 2576 MB
#-----------------------------------------------------------
source Driver.tcl -notrace
